
> frontend@0.1.0 build
> react-scripts build

node.exe : 
(node:8108) [DEP0176] 
DeprecationWarning: 
fs.F_OK is 
deprecated, use 
fs.constants.F_OK 
instead
At line:1 char:1
+ & 
"C:\node.js/node.exe" 
"C:\node.js/node_modul
es/npm/bin/npm-cli.js"
  ...
+ ~~~~~~~~~~~~~~~~~~~~
~~~~~~~~~~~~~~~~~~~~~~
~~~~~~~~~~~~~~~~~~~~~~
~~~~~
    + CategoryInfo    
          : NotSpeci  
  fied: ((node:8108   
 ) [DE...ts.F_OK i    
nstead:String) []    
, RemoteException
    + FullyQualifiedE 
   rrorId : NativeCo  
  mmandError
 
(Use `node 
--trace-deprecation 
...` to show where 
the warning was 
created)
Creating an optimized production build...
Failed to compile.

[eslint] 
src\landing_page\about\Hero.js
  Line 9:16:  'Hero' is not defined  no-undef

Search for the keywords to learn more about each error.


