
> frontend@0.1.0 test
> react-scripts test src/test/Hero.test.js --watchAll=false

node.exe : FAIL 
src/test/Hero.test.js
At line:1 char:1
+ & "C:\node.js/node.exe" 
"C:\node.js/node_modules/n
pm/bin/npm-cli.js"  ...
+ ~~~~~~~~~~~~~~~~~~~~~~~~
~~~~~~~~~~~~~~~~~~~~~~~~~~
~~~~~~~~~~~~~~~~~~~
    + CategoryInfo        
      : NotSpecified: (F  
  AIL src/test/Hero.tes   
 t.js:String) [], Remo    
teException
    + FullyQualifiedError 
   Id : NativeCommandErr  
  or
 
  ΓùÅ Test suite failed 
to run

    Cannot find module 
'react-router-dom' from 
'src/test/Hero.test.js'

    [0m [90m 2 |[39m 
[36mimport[39m { 
render[33m,[39m screen 
} [36mfrom[39m [32m'@te
sting-library/react'[39m
[33m;[39m
     [90m 3 |[39m 
[36mimport[39m [32m'@te
sting-library/jest-dom'[3
9m[33m;[39m
    
[31m[1m>[22m[39m[90m 
4 |[39m [36mimport[39m 
{ [33mMemoryRouter[39m 
} [36mfrom[39m [32m'rea
ct-router-dom'[39m[33m;
[39m
     [90m   |[39m 
[31m[1m^[22m[39m
     [90m 5 |[39m 
[36mimport[39m 
[33mHero[39m 
[36mfrom[39m [32m'../la
nding_page/home/Hero'[39m
[33m;[39m
     [90m 6 |[39m
     [90m 7 |[39m 
[90m// Test 
Suite[39m[0m

      at 
Resolver.resolveModule (no
de_modules/jest-resolve/bu
ild/resolver.js:324:11)
      at 
Object.<anonymous> (src/te
st/Hero.test.js:4:1)
      at TestScheduler.sch
eduleTests (node_modules/@
jest/core/build/TestSchedu
ler.js:333:13)
      at runJest (node_mod
ules/@jest/core/build/runJ
est.js:404:19)
      at _run10000 (node_m
odules/@jest/core/build/cl
i/index.js:320:7)
      at runCLI (node_modu
les/@jest/core/build/cli/i
ndex.js:173:3)

Test Suites: 1 failed, 1 
total
Tests:       0 total
Snapshots:   0 total
Time:        1.867 s
Ran all test suites 
matching /src\\test\\Hero.
test.js/i.
